\BOOKMARK [1][-]{section.1}{\376\377\000I\000n\000t\000r\000o\000d\000u\000c\000t\000i\000o\000n}{}% 1
\BOOKMARK [2][-]{subsection.1.1}{\376\377\000R\000e\000l\000a\000t\000e\000d\000\040\000L\000i\000t\000e\000r\000a\000t\000u\000r\000e}{section.1}% 2
\BOOKMARK [1][-]{section.2}{\376\377\000P\000r\000e\000l\000i\000m\000i\000n\000a\000r\000i\000e\000s\000\040\000a\000n\000d\000\040\000P\000r\000o\000b\000l\000e\000m\000\040\000S\000e\000t\000t\000i\000n\000g}{}% 3
\BOOKMARK [2][-]{subsection.2.1}{\376\377\000D\000i\000f\000f\000u\000s\000i\000o\000n\000\040\000M\000o\000d\000e\000l\000s}{section.2}% 4
\BOOKMARK [3][-]{subsubsection.2.1.1}{\376\377\000T\000h\000e\000\040\000D\000D\000P\000M\000\040\000F\000o\000r\000m\000u\000l\000a\000t\000i\000o\000n\000.}{subsection.2.1}% 5
\BOOKMARK [3][-]{subsubsection.2.1.2}{\376\377\000T\000h\000e\000\040\000S\000G\000M\000\040\000F\000o\000r\000m\000u\000l\000a\000t\000i\000o\000n\000.}{subsection.2.1}% 6
\BOOKMARK [2][-]{subsection.2.2}{\376\377\000I\000n\000f\000e\000r\000e\000n\000c\000e\000-\000T\000i\000m\000e\000\040\000N\000o\000i\000s\000e\000\040\000S\000e\000a\000r\000c\000h}{section.2}% 7
\BOOKMARK [1][-]{section.3}{\376\377\000A\000\040\000T\000w\000o\000-\000L\000e\000v\000e\000l\000\040\000F\000r\000a\000m\000e\000w\000o\000r\000k\000\040\000f\000o\000r\000\040\000N\000o\000i\000s\000e\000\040\000T\000r\000a\000j\000e\000c\000t\000o\000r\000y\000\040\000S\000e\000a\000r\000c\000h}{}% 8
\BOOKMARK [2][-]{subsection.3.1}{\376\377\000A\000\040\000G\000e\000n\000e\000r\000a\000l\000\040\000T\000r\000a\000n\000s\000i\000t\000i\000o\000n\000\040\000A\000b\000s\000t\000r\000a\000c\000t\000i\000o\000n}{section.3}% 9
\BOOKMARK [2][-]{subsection.3.2}{\376\377\000T\000h\000e\000\040\000T\000w\000o\000-\000L\000e\000v\000e\000l\000\040\000V\000i\000e\000w}{section.3}% 10
\BOOKMARK [2][-]{subsection.3.3}{\376\377\000E\000x\000i\000s\000t\000i\000n\000g\000\040\000M\000e\000t\000h\000o\000d\000s\000\040\000a\000s\000\040\000S\000p\000e\000c\000i\000a\000l\000\040\000C\000a\000s\000e\000s}{section.3}% 11
\BOOKMARK [1][-]{section.4}{\376\377\000T\000h\000e\000\040\000G\000A\000I\000N\000S\000\040\000A\000l\000g\000o\000r\000i\000t\000h\000m}{}% 12
\BOOKMARK [2][-]{subsection.4.1}{\376\377\000O\000f\000f\000l\000i\000n\000e\000\040\000C\000o\000a\000r\000s\000e\000\040\000T\000i\000m\000e\000\040\000S\000c\000h\000e\000d\000u\000l\000i\000n\000g}{section.4}% 13
\BOOKMARK [2][-]{subsection.4.2}{\376\377\000O\000n\000l\000i\000n\000e\000\040\000F\000i\000n\000e\000-\000G\000r\000a\000i\000n\000e\000d\000\040\000S\000c\000h\000e\000d\000u\000l\000i\000n\000g}{section.4}% 14
\BOOKMARK [2][-]{subsection.4.3}{\376\377\000S\000D\000E\000\040\000F\000o\000u\000n\000d\000a\000t\000i\000o\000n\000s\000\040\000f\000o\000r\000\040\000t\000h\000e\000\040\000S\000c\000o\000r\000e\000\040\000D\000i\000s\000t\000r\000i\000b\000u\000t\000i\000o\000n}{section.4}% 15
\BOOKMARK [2][-]{subsection.4.4}{\376\377\000S\000c\000h\000e\000d\000u\000l\000i\000n\000g\000\040\000O\000p\000t\000i\000m\000a\000l\000i\000t\000y}{section.4}% 16
\BOOKMARK [1][-]{section.5}{\376\377\000N\000u\000m\000e\000r\000i\000c\000a\000l\000\040\000E\000x\000p\000e\000r\000i\000m\000e\000n\000t\000s}{}% 17
\BOOKMARK [2][-]{subsection.5.1}{\376\377\000E\000x\000p\000e\000r\000i\000m\000e\000n\000t\000a\000l\000\040\000S\000e\000t\000t\000i\000n\000g}{section.5}% 18
\BOOKMARK [2][-]{subsection.5.2}{\376\377\000S\000t\000a\000b\000l\000e\000\040\000D\000i\000f\000f\000u\000s\000i\000o\000n\000:\000\040\000S\000c\000a\000l\000i\000n\000g\000\040\000w\000i\000t\000h\000\040\000N\000F\000E}{section.5}% 19
\BOOKMARK [2][-]{subsection.5.3}{\376\377\000E\000D\000M\000:\000\040\000S\000c\000a\000l\000i\000n\000g\000\040\000w\000i\000t\000h\000\040\000N\000F\000E}{section.5}% 20
\BOOKMARK [2][-]{subsection.5.4}{\376\377\000A\000b\000l\000a\000t\000i\000o\000n\000:\000\040\000O\000f\000f\000l\000i\000n\000e\000\040\000A\000l\000l\000o\000c\000a\000t\000i\000o\000n\000\040\000v\000s\000.\000\040\000O\000f\000f\000l\000i\000n\000e\000+\000O\000n\000l\000i\000n\000e\000\040\000C\000o\000n\000t\000r\000o\000l}{section.5}% 21
\BOOKMARK [2][-]{subsection.5.5}{\376\377\000L\000a\000r\000g\000e\000r\000\040\000P\000r\000o\000m\000p\000t\000\040\000S\000e\000t\000\040\000E\000v\000a\000l\000u\000a\000t\000i\000o\000n}{section.5}% 22
\BOOKMARK [2][-]{subsection.5.6}{\376\377\000C\000o\000m\000p\000a\000t\000i\000b\000i\000l\000i\000t\000y\000\040\000w\000i\000t\000h\000\040\000D\000i\000f\000f\000e\000r\000e\000n\000t\000\040\000L\000o\000c\000a\000l\000\040\000S\000e\000a\000r\000c\000h\000\040\000O\000p\000e\000r\000a\000t\000o\000r\000s}{section.5}% 23
\BOOKMARK [2][-]{subsection.5.7}{\376\377\000A\000p\000p\000l\000i\000c\000a\000b\000i\000l\000i\000t\000y\000\040\000t\000o\000\040\000F\000l\000o\000w\000-\000b\000a\000s\000e\000d\000\040\000M\000o\000d\000e\000l\000s}{section.5}% 24
\BOOKMARK [1][-]{section.6}{\376\377\000C\000o\000n\000c\000l\000u\000s\000i\000o\000n}{}% 25
\BOOKMARK [1][-]{appendix.A}{\376\377\000A\000\040\000G\000e\000n\000e\000r\000a\000l\000\040\000M\000D\000P\000\040\000F\000o\000r\000m\000u\000l\000a\000t\000i\000o\000n\000\040\000o\000f\000\040\000N\000o\000i\000s\000e\000\040\000T\000r\000a\000j\000e\000c\000t\000o\000r\000y\000\040\000S\000e\000a\000r\000c\000h}{}% 26
\BOOKMARK [2][-]{subsection.A.1}{\376\377\000S\000t\000a\000t\000e\000\040\000S\000p\000a\000c\000e}{appendix.A}% 27
\BOOKMARK [2][-]{subsection.A.2}{\376\377\000A\000c\000t\000i\000o\000n\000\040\000S\000p\000a\000c\000e}{appendix.A}% 28
\BOOKMARK [2][-]{subsection.A.3}{\376\377\000T\000r\000a\000n\000s\000i\000t\000i\000o\000n\000\040\000D\000y\000n\000a\000m\000i\000c\000s}{appendix.A}% 29
\BOOKMARK [2][-]{subsection.A.4}{\376\377\000R\000e\000w\000a\000r\000d}{appendix.A}% 30
\BOOKMARK [2][-]{subsection.A.5}{\376\377\000E\000x\000i\000s\000t\000i\000n\000g\000\040\000M\000e\000t\000h\000o\000d\000s\000\040\000a\000s\000\040\000M\000D\000P\000\040\000P\000o\000l\000i\000c\000i\000e\000s}{appendix.A}% 31
\BOOKMARK [2][-]{subsection.A.6}{\376\377\000M\000a\000i\000n\000-\000T\000e\000x\000t\000\040\000F\000o\000r\000m\000u\000l\000a\000t\000i\000o\000n\000\040\000a\000s\000\040\000a\000\040\000S\000p\000e\000c\000i\000a\000l\000\040\000C\000a\000s\000e}{appendix.A}% 32
\BOOKMARK [1][-]{appendix.B}{\376\377\000P\000r\000o\000o\000f\000s\000\040\000o\000f\000\040\000T\000h\000e\000o\000r\000e\000t\000i\000c\000a\000l\000\040\000R\000e\000s\000u\000l\000t\000s}{}% 33
\BOOKMARK [2][-]{subsection.B.1}{\376\377\000P\000r\000o\000o\000f\000\040\000o\000f\000\040\000P\000r\000o\000p\000o\000s\000i\000t\000i\000o\000n\000\040\000\050\000O\000f\000f\000l\000i\000n\000e\000\051}{appendix.B}% 34
\BOOKMARK [2][-]{subsection.B.2}{\376\377\000P\000r\000o\000o\000f\000\040\000o\000f\000\040\000P\000r\000o\000p\000o\000s\000i\000t\000i\000o\000n\000\040\000\050\000O\000n\000l\000i\000n\000e\000\051}{appendix.B}% 35
